// Jest Snapshot v1, https://goo.gl/fbAQLP

exports[`compiler: element transform import + resolve component 1`] = `
[
  "0~~~~~~~~~~~~~~~~~~~~~~~~~~~~~~",
  "/Users/jayfate/Downloads/path",
  "/workspace/path/D:/jayfate/toolkit1",
  "/Users/jayfate/Downloads/path/build",
  "/workspace/path/D:/jayfate/toolkit1/build",
  "/Users/jayfate/Downloads/path",
  "/Users/jayfate/Downloads/path/build",
  "/workspace/path/D:\\jayfate\\toolkit1",
  "/workspace/path/D:\\jayfate\\toolkit1/build",
  "1~~~~~~~~~~~~~~~~~~~~~~~~~~~~~~",
  "/foo/bar/baz/asdf",
  "C:/temp/foo/",
  "/foo/bar/baz/asdf",
  "C:\\temp\\\\foo\\bar\\..\\",
  "2~~~~~~~~~~~~~~~~~~~~~~~~~~~~~~",
  true,
  false,
  false,
  false,
  false,
  "3~~~~~~~~~~~~~~~~~~~~~~~~~~~~~~",
  "/Users/jayfate/Downloads/path",
  "D:/jayfate/toolkit1",
  "/Users/jayfate/Downloads/path/build",
  "D:/jayfate/toolkit1/build",
  "D:\\jayfate\\toolkit1",
  "D:\\jayfate\\toolkit1/build",
  "4~~~~~~~~~~~~~~~~~~~~~~~~~~~~~~",
  "../node_modules",
  "../node_modules",
  "5~~~~~~~~~~~~~~~~~~~~~~~~~~~~~~",
  "/Users/jayfate/Downloads/path",
  "D:/jayfate/toolkit1",
  "6~~~~~~~~~~~~~~~~~~~~~~~~~~~~~~",
  "/workspace/path/__tests__",
  "/workspace/path/__tests__",
  "7~~~~~~~~~~~~~~~~~~~~~~~~~~~~~~",
  "index.ts",
  "index.ts",
  "8~~~~~~~~~~~~~~~~~~~~~~~~~~~~~~",
  ".ts",
  ".ts",
  "9~~~~~~~~~~~~~~~~~~~~~~~~~~~~~~",
  "/home/user/dir/file.txt",
  "/file.txt",
  "/file.txt",
  "/filetxt",
  "C:/path/dir/file.txt",
  "10~~~~~~~~~~~~~~~~~~~~~~~~~~~~~~",
  {
    "base": "file.txt",
    "dir": "/home/user/dir",
    "ext": ".txt",
    "name": "file",
    "root": "/",
  },
  {
    "base": "file.txt",
    "dir": "C:/path/dir",
    "ext": ".txt",
    "name": "file",
    "root": "",
  },
  "11~~~~~~~~~~~~~~~~~~~~~~~~~~~~~~",
  "path.sep: /",
  "path.delimiter: :",
  "12~~~~~~~~~~~~~~~~~~~~~~~~~~~~~~",
  "path.win32: ",
  "path.posix: resolve, normalize, isAbsolute, join, relative, toNamespacedPath, dirname, basename, extname, format, parse, sep, delimiter, win32, posix, _makeLong",
]
`;
